// Jest Snapshot v1, https://goo.gl/fbAQLP

exports[`should render header correctly 1`] = `
<div
  className="header"
>
  <div
    className="content-container"
  >
    <div
      className="header-contents"
    >
      <Link
        to="/Dashboard"
      >
        Expenses
      </Link>
      <button
        onClick={[Function]}
      >
        Sign out
      </button>
    </div>
  </div>
</div>
`;
